# CFB 官方级 AI 基准评测记分卡（SWE-bench Pro × TAU-bench × LMArena Elo × Artificial Analysis）

## 一、L2 端到端 Agent 轨迹基准（基于已落盘真实轨迹，零 API 复算）
> 口径融合：**SWE-bench Pro 严苛解决率**（`F2P ∧ P2P ∧ !falseDone`，剔除伪修好水分）· **TAU-bench `pass^k` 工程一致性** · **LMArena Elo 天梯分**（`raw=1000`）· **Artificial Analysis (AA) 性价比前沿指数**

| 评测臂 | 样本 n | 表观解决 | SWE严苛解决(F2P∧!伪) | 伪修好水分 | pass@1 | pass^2(可靠性) | 平均轮数(Δ步数) | 思维链缩减 | 单次真修好成本 | Arena Elo (95% CI) | AA效率指数 |
| --- | --- | --- | --- | --- | --- | --- | --- | --- | --- | --- | --- |
| raw | 55 | 58.2% | **58.2%** | 0.0% | 0.663 | 0.55 | 7.58 (0%) | -0% | $0.1629 | **1000** [1000,1000] | **100** |
| auto | 7 | 85.7% | **85.7%** | 0.0% | 0.889 | 0.778 | 4.86 (-35.9%) | -27.4% | $0.0858 | **1109** [954,1311] | **190** |
| ledger | 6 | 100.0% | **83.3%** | 16.7% | 0.833 | 0.667 | 5.33 (-29.7%) | -0% | $0.08 | **950** [752,1146] | **203** |
| hand | 37 | 48.6% | **48.6%** | 0.0% | 0.559 | 0.4 | 7.76 (+2.4%) | -33.2% | $0.2177 | **991** [904,1078] | **75** |

## 二、L1 认知编译器无污染客观基准（6 维无饱和 dd × 5题人类 Oracle 极限 × AA 信息密度效率）
> 理论极限天花板（Gold / Oracle）= `1.000`；`[实测]` 为真实副模型 API 生成稿得分，`[预估]` 为 $0 静态结构预筛；括号内 `-0.xxx` 为距理论极限天花板的真实差距。

| 排名 | 策略 ID | 提示词Δ字 | 架构配置 | 金标过闸/净省 | 金标dd(距极限) | 池题全轮过闸 | 池题均省tok | 5题Oracle dd(距极限) | 真值分 | AA密度效率分 | 飞轮排序器分 |
| --- | --- | --- | --- | --- | --- | --- | --- | --- | --- | --- | --- |
| #1 | **p-1490eefcdf** | -1037 | `bounded/compact/modular+λ` | 12/13 (431t) | **0.724**[实测] (-0.276) | 3/3 (8/8) | **482 tok** | 0.908 (-0.092) | **0.781** | **0.7234** | **-0.792** |
| #2 | **p-e62a037097** | -1037 | `bounded/compact/modular+λ` | 11/13 (569t) | **0.843**[预估] (-0.157) | 3/3 (8/8) | **440 tok** | 0.675 (-0.325) | **0.762** | **0.6991** | **-0.369** |
| #3 | **p-bdfd55dd25** | -761 | `bounded/compact/modular+λ` | 11/13 (569t) | **0.843**[预估] (-0.157) | 3/3 (8/8) | **440 tok** | 0.675 (-0.325) | **0.762** | **0.6991** | **-0.369** |
| #4 | **p-db7e910189** | -243 | `bounded/compact/modular+λ` | 11/13 (569t) | **0.843**[预估] (-0.157) | 3/3 (8/8) | **440 tok** | 0.675 (-0.325) | **0.762** | **0.6991** | **-0.369** |
| #5 | **p-8943e331e6** | -112 | `bounded/compact/modular+λ` | 11/13 (569t) | **0.843**[预估] (-0.157) | 3/3 (8/8) | **440 tok** | 0.675 (-0.325) | **0.762** | **0.6991** | **-0.369** |
| #6 | **p-c5207358c8** | +0 | `bounded/compact/full+λ` | 11/13 (569t) | **0.843**[预估] (-0.157) | 3/3 (8/8) | **440 tok** | 0.675 (-0.325) | **0.762** | **0.6991** | **-0.369** |
| #7 | **p-ec6eaea560** | +126 | `bounded/compact/modular+λ` | 11/13 (569t) | **0.843**[预估] (-0.157) | 3/3 (8/8) | **440 tok** | 0.675 (-0.325) | **0.762** | **0.6991** | **-0.369** |
| #8 | **p-08bdbc7561** | -322 | `bounded/compact/modular+λ` | 11/13 (542t) | **0.817**[预估] (-0.183) | 3/3 (8/8) | **440 tok** | 0.675 (-0.325) | **0.762** | **0.6991** | **-0.241** |

## 三、个人开发者「极简省钱」三档官方测试菜单（按预算任选）

- **第 0 档（$0.00 免费 · 1秒跑完 · 日常调优首选）**：全池 8/8 轮次真值 + 密度效率 + 金标召回 + 飞轮排序器全量核验
  `node tools/cfb-cycle.mjs benchmark`
- **第 1 档（≈ $0.004 / ¥0.03 人民币 · 仅 1 次副模型调用）**：金标微基准（自动复用已缓存的 base，只测榜首策略 p-1490eefcdf）
  `node tools/cfb-cycle.mjs plan-bench --lite`
- **第 2 档（≈ $0.068 / ¥0.50 人民币 · 影子分叉 + $0.08 熔断早停）**：IRT 最高区分度单题端到端轨迹微基准（raw vs policy:p-1490eefcdf）
  `node tools/cfb-cycle.mjs plan-traj --lite`
